Archive member included to satisfy reference by file (symbol)

/tmp/aoudia/Bureau/Projet_WOT/targets/mbed_ethernet/rflpc/rflpc17xx/librflpc17xx.a(init.o)
                              (_start)
/tmp/aoudia/Bureau/Projet_WOT/targets/mbed_ethernet/rflpc/rflpc17xx/librflpc17xx.a(clock.o)
                              /tmp/aoudia/Bureau/Projet_WOT/targets/mbed_ethernet/rflpc/rflpc17xx/librflpc17xx.a(init.o) (rflpc_clock_init)
/tmp/aoudia/Bureau/Projet_WOT/targets/mbed_ethernet/rflpc/rflpc17xx/librflpc17xx.a(interrupt.o)
                              /tmp/aoudia/Bureau/Projet_WOT/targets/mbed_ethernet/rflpc/rflpc17xx/librflpc17xx.a(init.o) (_default_exception_handler)
/tmp/aoudia/Bureau/Projet_WOT/targets/mbed_ethernet/rflpc/rflpc17xx/librflpc17xx.a(pinconf.o)
                              bin/mbed_ethernet/drivers/NCP18WF104F03RC.o (rflpc_pin_set)
/tmp/aoudia/Bureau/Projet_WOT/targets/mbed_ethernet/rflpc/rflpc17xx/librflpc17xx.a(iap.o)
                              bin/mbed_ethernet/drivers/hardware.o (rflpc_iap_get_serial_number)
/tmp/aoudia/Bureau/Projet_WOT/targets/mbed_ethernet/rflpc/rflpc17xx/librflpc17xx.a(sys_tick_timer.o)
                              bin/mbed_ethernet/gen/apps/thermostat/thermostat.o (rflpc_sys_timer_init)
/tmp/aoudia/Bureau/Projet_WOT/targets/mbed_ethernet/rflpc/rflpc17xx/librflpc17xx.a(uart.o)
                              bin/mbed_ethernet/drivers/hardware.o (rflpc_uart_getchar)
/tmp/aoudia/Bureau/Projet_WOT/targets/mbed_ethernet/rflpc/rflpc17xx/librflpc17xx.a(ethernet.o)
                              bin/mbed_ethernet/drivers/hardware.o (rflpc_eth_init)
/tmp/aoudia/Bureau/Projet_WOT/targets/mbed_ethernet/rflpc/rflpc17xx/librflpc17xx.a(gpio.o)
                              bin/mbed_ethernet/drivers/TM1637.o (rflpc_gpio_set_pin_mode_input)
/tmp/aoudia/Bureau/Projet_WOT/targets/mbed_ethernet/rflpc/rflpc17xx/librflpc17xx.a(dma.o)
                              bin/mbed_ethernet/drivers/hardware.o (rflpc_dma_init)
/tmp/aoudia/Bureau/Projet_WOT/targets/mbed_ethernet/rflpc/rflpc17xx/librflpc17xx.a(timer.o)
                              bin/mbed_ethernet/drivers/hardware.o (rflpc_timer_enable)
/tmp/aoudia/Bureau/Projet_WOT/targets/mbed_ethernet/rflpc/rflpc17xx/librflpc17xx.a(adc.o)
                              bin/mbed_ethernet/drivers/NCP18WF104F03RC.o (rflpc_adc_init)
/tmp/aoudia/Bureau/Projet_WOT/targets/mbed_ethernet/rflpc/rflpc17xx/librflpc17xx.a(core_cm3.o)
                              bin/mbed_ethernet/core/coroutines.o (__get_MSP)
/tmp/aoudia/Bureau/Projet_WOT/targets/mbed_ethernet/rflpc/rflpc17xx/librflpc17xx.a(printf.o)
                              bin/mbed_ethernet/drivers/hardware.o (printf)
/tmp/aoudia/Bureau/Projet_WOT/targets/mbed_ethernet/rflpc/rflpc17xx/librflpc17xx.a(memcpy.o)
                              bin/mbed_ethernet/drivers/eth_output.o (memcpy)
/tmp/aoudia/Bureau/Projet_WOT/targets/mbed_ethernet/rflpc/rflpc17xx/librflpc17xx.a(rand.o)
                              bin/mbed_ethernet/drivers/hardware.o (srand)
/tmp/aoudia/Bureau/Projet_WOT/targets/mbed_ethernet/rflpc/rflpc17xx/librflpc17xx.a(memset.o)
                              bin/mbed_ethernet/drivers/eth_output.o (memset)

Allocating common symbols
Common symbol       size              file

curr_input          0x8               bin/mbed_ethernet/core/input.o
_colon              0x4               bin/mbed_ethernet/drivers/TM1637.o
_brightness         0x1               bin/mbed_ethernet/drivers/TM1637.o
local_eth_addr      0x6               bin/mbed_ethernet/drivers/hardware.o
last_transmission_time
                    0x1               bin/mbed_ethernet/core/timers.o
_off                0x4               bin/mbed_ethernet/drivers/TM1637.o
coroutine_type      0x1               bin/mbed_ethernet/drivers/hardware.o
_content            0x4               bin/mbed_ethernet/drivers/TM1637.o
rst_connection      0xe               bin/mbed_ethernet/core/connections.o
all_connections     0x4               bin/mbed_ethernet/core/connections.o
curr_output         0x14              bin/mbed_ethernet/core/output.o
rflpc_adc_burst_control
                    0x8               /tmp/aoudia/Bureau/Projet_WOT/targets/mbed_ethernet/rflpc/rflpc17xx/librflpc17xx.a(adc.o)
current_checksum    0x2               bin/mbed_ethernet/core/checksum.o
iap_sector_buffer   0x1000            /tmp/aoudia/Bureau/Projet_WOT/targets/mbed_ethernet/rflpc/rflpc17xx/librflpc17xx.a(iap.o)
main_sp             0x4               bin/mbed_ethernet/core/coroutines.o
ethernet_header     0xe               bin/mbed_ethernet/drivers/eth_output.o
current_buffer      0x8               bin/mbed_ethernet/drivers/eth_output.o

Discarded input sections

 .text          0x0000000000000000        0x0 bin/mbed_ethernet/drivers/NCP18WF104F03RC.o
 .data          0x0000000000000000        0x0 bin/mbed_ethernet/drivers/NCP18WF104F03RC.o
 .bss           0x0000000000000000        0x0 bin/mbed_ethernet/drivers/NCP18WF104F03RC.o
[...]
Memory Configuration

Name             Origin             Length             Attributes
flash            0x0000000000000000 0x0000000000080000 xr
ram              0x0000000010000000 0x0000000000008000 xrw
out_ram          0x000000002007c000 0x0000000000008000 xrw
*default*        0x0000000000000000 0xffffffffffffffff

Linker script and memory map

                0x0000000000000000                . = 0x0

.text           0x0000000000000000    0x11a74
                0x0000000000000000                _interrupt_start = .
 *(.interrupt_vector)
 .interrupt_vector
                0x0000000000000000       0xc4 /tmp/aoudia/Bureau/Projet_WOT/targets/mbed_ethernet/rflpc/rflpc17xx/librflpc17xx.a(init.o)
                0x0000000000000000                _rom_interrupts
                0x00000000000000c4                _interrupt_end = .
 *(.text*)
 .text.NCP18WF104F03RC_init_pin
                0x00000000000000c4       0x18 bin/mbed_ethernet/drivers/NCP18WF104F03RC.o
                0x00000000000000c4                NCP18WF104F03RC_init_pin
 .text.NCP18WF104F03RC_read_temp
                0x00000000000000dc       0x3c bin/mbed_ethernet/drivers/NCP18WF104F03RC.o
                0x00000000000000dc                NCP18WF104F03RC_read_temp
 .text._uart_irq
                0x0000000000000118       0x18 bin/mbed_ethernet/drivers/hardware.o
                0x0000000000000118                _uart_irq
 .text.mbed_eth_garbage_tx_buffers
                0x0000000000000130       0x60 bin/mbed_ethernet/drivers/hardware.o
                0x0000000000000130                mbed_eth_garbage_tx_buffers
 .text._eth_irq_handler
                0x0000000000000190       0xa4 bin/mbed_ethernet/drivers/hardware.o
                0x0000000000000190                _eth_irq_handler
 .text.mbed_auto_set_mac
                0x0000000000000234       0x2c bin/mbed_ethernet/drivers/hardware.o
                0x0000000000000234                mbed_auto_set_mac
 .text.mbed_display_ip
                0x0000000000000260       0x20 bin/mbed_ethernet/drivers/hardware.o
                0x0000000000000260                mbed_display_ip
 .text.mbed_display_mac
                0x0000000000000280       0x2c bin/mbed_ethernet/drivers/hardware.o
                0x0000000000000280                mbed_display_mac
 .text.mbed_init_timer
                0x00000000000002ac       0x30 bin/mbed_ethernet/drivers/hardware.o
                0x00000000000002ac                mbed_init_timer
 .text.mbed_print_configuration
                0x00000000000002dc       0x18 bin/mbed_ethernet/drivers/hardware.o
                0x00000000000002dc                mbed_print_configuration
 .text.mbed_print_motd
                0x00000000000002f4      0x130 bin/mbed_ethernet/drivers/hardware.o
                0x00000000000002f4                mbed_print_motd
 .text.mbed_configure_eth
                0x0000000000000424       0xfc bin/mbed_ethernet/drivers/hardware.o
                0x0000000000000424                mbed_configure_eth
 .text.mbed_eth_hardware_init
                0x0000000000000520       0x48 bin/mbed_ethernet/drivers/hardware.o
                0x0000000000000520                mbed_eth_hardware_init
 .text.TM1637_start
                0x0000000000000568       0x24 bin/mbed_ethernet/drivers/TM1637.o
                0x0000000000000568                TM1637_start
 .text.TM1637_stop
                0x000000000000058c       0x24 bin/mbed_ethernet/drivers/TM1637.o
                0x000000000000058c                TM1637_stop
 .text.TM1637_send
                0x00000000000005b0       0x7c bin/mbed_ethernet/drivers/TM1637.o
                0x00000000000005b0                TM1637_send
 .text.TM1637_setBrightness
                0x000000000000062c       0x24 bin/mbed_ethernet/drivers/TM1637.o
                0x000000000000062c                TM1637_setBrightness
 .text.TM1637_sendRawDigits
                0x0000000000000650       0x50 bin/mbed_ethernet/drivers/TM1637.o
                0x0000000000000650                TM1637_sendRawDigits
 .text.TM1637_init
                0x00000000000006a0       0x4c bin/mbed_ethernet/drivers/TM1637.o
                0x00000000000006a0                TM1637_init
 .text.TM1637_output_position
                0x00000000000006ec       0x38 bin/mbed_ethernet/drivers/TM1637.o
                0x00000000000006ec                TM1637_output_position
 .text.proto_arp_demangle
                0x0000000000000724       0x98 bin/mbed_ethernet/drivers/arp.o
                0x0000000000000724                proto_arp_demangle
 .text.proto_arp_mangle
                0x00000000000007bc       0x7c bin/mbed_ethernet/drivers/arp.o
                0x00000000000007bc                proto_arp_mangle
 .text.mbed_process_arp
                0x0000000000000838      0x184 bin/mbed_ethernet/drivers/arp.o
                0x0000000000000838                mbed_process_arp
 .text.sendByte
                0x00000000000009bc       0x40 bin/mbed_ethernet/drivers/P9813.o
                0x00000000000009bc                sendByte
 .text.sendColor
                0x00000000000009fc       0x24 bin/mbed_ethernet/drivers/P9813.o
                0x00000000000009fc                sendColor
 .text.setColorRGB
                0x0000000000000a20       0x58 bin/mbed_ethernet/drivers/P9813.o
                0x0000000000000a20                setColorRGB
 .text.initColorRGB
                0x0000000000000a78       0x44 bin/mbed_ethernet/drivers/P9813.o
                0x0000000000000a78                initColorRGB
 .text.mbed_eth_is_releasable_buffer
                0x0000000000000abc       0x30 bin/mbed_ethernet/drivers/out_buffers.o
                0x0000000000000abc                mbed_eth_is_releasable_buffer
 .text.mbed_eth_init_tx_buffers
                0x0000000000000aec       0x1c bin/mbed_ethernet/drivers/out_buffers.o
                0x0000000000000aec                mbed_eth_init_tx_buffers
 .text.mbed_eth_get_tx_buffer
                0x0000000000000b08       0x3c bin/mbed_ethernet/drivers/out_buffers.o
                0x0000000000000b08                mbed_eth_get_tx_buffer
 .text.mbed_eth_release_tx_buffer
                0x0000000000000b44        0x8 bin/mbed_ethernet/drivers/out_buffers.o
                0x0000000000000b44                mbed_eth_release_tx_buffer
 .text.mbed_eth_get_byte
                0x0000000000000b4c       0xac bin/mbed_ethernet/drivers/eth_input.o
                0x0000000000000b4c                mbed_eth_get_byte
 .text.mbed_eth_byte_available
                0x0000000000000bf8       0x30 bin/mbed_ethernet/drivers/eth_input.o
                0x0000000000000bf8                mbed_eth_byte_available
 .text.mbed_process_input
                0x0000000000000c28       0xc8 bin/mbed_ethernet/drivers/eth_input.o
                0x0000000000000c28                mbed_process_input
 .text.mbed_eth_fill_header
                0x0000000000000cf0       0x80 bin/mbed_ethernet/drivers/eth_output.o
                0x0000000000000cf0                mbed_eth_fill_header
 .text.mbed_eth_prepare_fragment
                0x0000000000000d70       0xb0 bin/mbed_ethernet/drivers/eth_output.o
                0x0000000000000d70                mbed_eth_prepare_fragment
 .text.mbed_eth_prepare_output
                0x0000000000000e20       0x28 bin/mbed_ethernet/drivers/eth_output.o
                0x0000000000000e20                mbed_eth_prepare_output
 .text.mbed_eth_put_byte
                0x0000000000000e48       0x18 bin/mbed_ethernet/drivers/eth_output.o
                0x0000000000000e48                mbed_eth_put_byte
 .text.mbed_eth_put_nbytes
                0x0000000000000e60       0x60 bin/mbed_ethernet/drivers/eth_output.o
                0x0000000000000e60                mbed_eth_put_nbytes
 .text.mbed_eth_output_done
                0x0000000000000ec0       0xa8 bin/mbed_ethernet/drivers/eth_output.o
                0x0000000000000ec0                mbed_eth_output_done
 .text.init_button
                0x0000000000000f68       0x1c bin/mbed_ethernet/drivers/button.o
                0x0000000000000f68                init_button
 .text.get_value_button
                0x0000000000000f84       0x10 bin/mbed_ethernet/drivers/button.o
                0x0000000000000f84                get_value_button
 .text.proto_ip_get_src
                0x0000000000000f94       0x20 bin/mbed_ethernet/drivers/ip.o
                0x0000000000000f94                proto_ip_get_src
 .text.proto_ip_get_size
                0x0000000000000fb4        0xc bin/mbed_ethernet/drivers/ip.o
                0x0000000000000fb4                proto_ip_get_size
 .text.init_buzzer
                0x0000000000000fc0       0x1c bin/mbed_ethernet/drivers/S9013.o
                0x0000000000000fc0                init_buzzer
 .text.set_buzzer
                0x0000000000000fdc       0x10 bin/mbed_ethernet/drivers/S9013.o
                0x0000000000000fdc                set_buzzer
 .text.clr_buzzer
                0x0000000000000fec       0x10 bin/mbed_ethernet/drivers/S9013.o
                0x0000000000000fec                clr_buzzer
 .text.proto_eth_demangle
                0x0000000000000ffc       0x40 bin/mbed_ethernet/drivers/ethernet.o
                0x0000000000000ffc                proto_eth_demangle
 .text.proto_eth_mangle
                0x000000000000103c       0x3c bin/mbed_ethernet/drivers/ethernet.o
                0x000000000000103c                proto_eth_mangle
 .text.proto_eth_addr_equal
                0x0000000000001078       0x4c bin/mbed_ethernet/drivers/ethernet.o
                0x0000000000001078                proto_eth_addr_equal
 .text.proto_eth_addr_is_multicast
                0x00000000000010c4        0x8 bin/mbed_ethernet/drivers/ethernet.o
                0x00000000000010c4                proto_eth_addr_is_multicast
 .text.dev_put16_val
                0x00000000000010cc       0x14 bin/mbed_ethernet/core/output.o
 .text.dev_put32
                0x00000000000010e0       0x20 bin/mbed_ethernet/core/output.o
 .text.out_c    0x0000000000001100       0x40 bin/mbed_ethernet/core/output.o
                0x0000000000001100                out_c
 .text.smews_send_packet
                0x0000000000001140      0x4f0 bin/mbed_ethernet/core/output.o
                0x0000000000001140                smews_send_packet
 .text.smews_send
                0x0000000000001630      0x5a4 bin/mbed_ethernet/core/output.o
                0x0000000000001630                smews_send
 .text.main     0x0000000000001bd4       0x60 bin/mbed_ethernet/core/main.o
                0x0000000000001bd4                main
 .text.server_push
                0x0000000000001c34       0x4c bin/mbed_ethernet/core/generators.o
                0x0000000000001c34                server_push
 .text.out_uint
                0x0000000000001c80       0x50 bin/mbed_ethernet/core/generators.o
                0x0000000000001c80                out_uint
 .text.cr_init  0x0000000000001cd0       0x20 bin/mbed_ethernet/core/coroutines.o
                0x0000000000001cd0                cr_init
 .text.cr_run   0x0000000000001cf0       0x98 bin/mbed_ethernet/core/coroutines.o
                0x0000000000001cf0                cr_run
 .text.cr_prepare
                0x0000000000001d88       0x74 bin/mbed_ethernet/core/coroutines.o
                0x0000000000001d88                cr_prepare
 .text.cr_clean
                0x0000000000001dfc       0x24 bin/mbed_ethernet/core/coroutines.o
                0x0000000000001dfc                cr_clean
 .text.if_select
                0x0000000000001e20       0x18 bin/mbed_ethernet/core/coroutines.o
                0x0000000000001e20                if_select
 .text.context_backup
                0x0000000000001e38       0x90 bin/mbed_ethernet/core/coroutines.o
                0x0000000000001e38                context_backup
 .text.context_restore
                0x0000000000001ec8       0x30 bin/mbed_ethernet/core/coroutines.o
                0x0000000000001ec8                context_restore
 .text.dev_get16
                0x0000000000001ef8       0x28 bin/mbed_ethernet/core/input.o
 .text.dev_get32
                0x0000000000001f20       0x14 bin/mbed_ethernet/core/input.o
 .text.smews_gpip_get_output_handler
                0x0000000000001f34       0x3c bin/mbed_ethernet/core/input.o
                0x0000000000001f34                smews_gpip_get_output_handler
 .text.smews_receive
                0x0000000000001f70     0x1464 bin/mbed_ethernet/core/input.o
                0x0000000000001f70                smews_receive
 .text.mem_reset
                0x00000000000033d4       0x18 bin/mbed_ethernet/core/memory.o
                0x00000000000033d4                mem_reset
 .text.mem_alloc
                0x00000000000033ec       0xac bin/mbed_ethernet/core/memory.o
                0x00000000000033ec                mem_alloc
 .text.mem_free
                0x0000000000003498       0x84 bin/mbed_ethernet/core/memory.o
                0x0000000000003498                mem_free
 .text.mem_realloc
                0x000000000000351c       0x44 bin/mbed_ethernet/core/memory.o
                0x000000000000351c                mem_realloc
 .text.clean_service
                0x0000000000003560       0x80 bin/mbed_ethernet/core/service.o
                0x0000000000003560                clean_service
 .text.checksum_init
                0x00000000000035e0       0x20 bin/mbed_ethernet/core/checksum.o
                0x00000000000035e0                checksum_init
 .text.checksum_add
                0x0000000000003600       0x30 bin/mbed_ethernet/core/checksum.o
                0x0000000000003600                checksum_add
 .text.checksum_add16
                0x0000000000003630       0x34 bin/mbed_ethernet/core/checksum.o
                0x0000000000003630                checksum_add16
 .text.checksum_add32
                0x0000000000003664       0x3c bin/mbed_ethernet/core/checksum.o
                0x0000000000003664                checksum_add32
 .text.checksum_end
                0x00000000000036a0       0x20 bin/mbed_ethernet/core/checksum.o
                0x00000000000036a0                checksum_end
 .text.set_timer
                0x00000000000036c0       0x30 bin/mbed_ethernet/core/timers.o
                0x00000000000036c0                set_timer
 .text.smews_timers
                0x00000000000036f0       0x40 bin/mbed_ethernet/core/timers.o
                0x00000000000036f0                smews_timers
 .text.smews_retransmit
                0x0000000000003730       0x50 bin/mbed_ethernet/core/smews.o
                0x0000000000003730                smews_retransmit
 .text.something_to_send
                0x0000000000003780       0x58 bin/mbed_ethernet/core/connections.o
                0x0000000000003780                something_to_send
 .text.add_connection
                0x00000000000037d8       0x50 bin/mbed_ethernet/core/connections.o
                0x00000000000037d8                add_connection
 .text.free_connection
                0x0000000000003828       0x68 bin/mbed_ethernet/core/connections.o
                0x0000000000003828                free_connection
 .text.get_current_remote_ip
                0x0000000000003890       0x20 bin/mbed_ethernet/core/connections.o
                0x0000000000003890                get_current_remote_ip
 .text.add_link_layer_address
                0x00000000000038b0       0x70 bin/mbed_ethernet/core/link_layer_cache.o
                0x00000000000038b0                add_link_layer_address
 .text.get_link_layer_address
                0x0000000000003920       0x40 bin/mbed_ethernet/core/link_layer_cache.o
                0x0000000000003920                get_link_layer_address
 .text.doGet    0x0000000000003960       0x14 bin/mbed_ethernet/gen/apps/thermostat/thermostat.o
 .text.init     0x0000000000003974       0x64 bin/mbed_ethernet/gen/apps/thermostat/thermostat.o
 .text.display  0x00000000000039d8       0x64 bin/mbed_ethernet/gen/apps/thermostat/thermostat.o
                0x00000000000039d8                display
 .text.setLevel
                0x0000000000003a3c       0x80 bin/mbed_ethernet/gen/apps/thermostat/thermostat.o
                0x0000000000003a3c                setLevel
 .text.alarmManu
                0x0000000000003abc       0x24 bin/mbed_ethernet/gen/apps/thermostat/thermostat.o
                0x0000000000003abc                alarmManu
 .text.sendTemp
                0x0000000000003ae0       0x3c bin/mbed_ethernet/gen/apps/thermostat/thermostat.o
 .text.alarmAuto
                0x0000000000003b1c       0x60 bin/mbed_ethernet/gen/apps/thermostat/thermostat.o
                0x0000000000003b1c                alarmAuto
 .text.initGet  0x0000000000003b7c       0x3c bin/mbed_ethernet/gen/apps/thermostat/thermostat.o
 .text._init_stack
                0x0000000000003bb8       0x28 /tmp/aoudia/Bureau/Projet_WOT/targets/mbed_ethernet/rflpc/rflpc17xx/librflpc17xx.a(init.o)
                0x0000000000003bb8                _init_stack
 .text._start   0x0000000000003be0       0x58 /tmp/aoudia/Bureau/Projet_WOT/targets/mbed_ethernet/rflpc/rflpc17xx/librflpc17xx.a(init.o)
                0x0000000000003be0                _start
 .text.rflpc_clock_init
                0x0000000000003c38       0xe8 /tmp/aoudia/Bureau/Projet_WOT/targets/mbed_ethernet/rflpc/rflpc17xx/librflpc17xx.a(clock.o)
                0x0000000000003c38                rflpc_clock_init
 .text.rflpc_clock_get_system_clock
                0x0000000000003d20        0xc /tmp/aoudia/Bureau/Projet_WOT/targets/mbed_ethernet/rflpc/rflpc17xx/librflpc17xx.a(clock.o)
                0x0000000000003d20                rflpc_clock_get_system_clock
 .text._default_exception_handler
                0x0000000000003d2c      0x2bc /tmp/aoudia/Bureau/Projet_WOT/targets/mbed_ethernet/rflpc/rflpc17xx/librflpc17xx.a(interrupt.o)
                0x0000000000003d2c                _default_exception_handler
 .text._default_peripheral_handler
                0x0000000000003fe8       0x30 /tmp/aoudia/Bureau/Projet_WOT/targets/mbed_ethernet/rflpc/rflpc17xx/librflpc17xx.a(interrupt.o)
                0x0000000000003fe8                _default_peripheral_handler
 .text.rflpc_irq_init
                0x0000000000004018       0x2c /tmp/aoudia/Bureau/Projet_WOT/targets/mbed_ethernet/rflpc/rflpc17xx/librflpc17xx.a(interrupt.o)
                0x0000000000004018                rflpc_irq_init
 .text.rflpc_irq_set_handler
                0x0000000000004044       0x10 /tmp/aoudia/Bureau/Projet_WOT/targets/mbed_ethernet/rflpc/rflpc17xx/librflpc17xx.a(interrupt.o)
                0x0000000000004044                rflpc_irq_set_handler
 .text.rflpc_pin_set
                0x0000000000004054       0x94 /tmp/aoudia/Bureau/Projet_WOT/targets/mbed_ethernet/rflpc/rflpc17xx/librflpc17xx.a(pinconf.o)
                0x0000000000004054                rflpc_pin_set
 .text.rflpc_iap_get_serial_number
                0x00000000000040e8       0x40 /tmp/aoudia/Bureau/Projet_WOT/targets/mbed_ethernet/rflpc/rflpc17xx/librflpc17xx.a(iap.o)
                0x00000000000040e8                rflpc_iap_get_serial_number
 .text.rflpc_sys_timer_init
                0x0000000000004128       0x18 /tmp/aoudia/Bureau/Projet_WOT/targets/mbed_ethernet/rflpc/rflpc17xx/librflpc17xx.a(sys_tick_timer.o)
                0x0000000000004128                rflpc_sys_timer_init
 .text.rflpc_uart_putchar
                0x0000000000004140       0x18 /tmp/aoudia/Bureau/Projet_WOT/targets/mbed_ethernet/rflpc/rflpc17xx/librflpc17xx.a(uart.o)
                0x0000000000004140                rflpc_uart_putchar
 .text.rflpc_uart_getchar
                0x0000000000004158       0x18 /tmp/aoudia/Bureau/Projet_WOT/targets/mbed_ethernet/rflpc/rflpc17xx/librflpc17xx.a(uart.o)
                0x0000000000004158                rflpc_uart_getchar
 .text.rflpc_uart_init_ex
                0x0000000000004170       0xf4 /tmp/aoudia/Bureau/Projet_WOT/targets/mbed_ethernet/rflpc/rflpc17xx/librflpc17xx.a(uart.o)
                0x0000000000004170                rflpc_uart_init_ex
 .text.rflpc_uart_init
                0x0000000000004264       0x18 /tmp/aoudia/Bureau/Projet_WOT/targets/mbed_ethernet/rflpc/rflpc17xx/librflpc17xx.a(uart.o)
                0x0000000000004264                rflpc_uart_init
 .text.rflpc_uart_set_rx_callback
                0x000000000000427c       0x60 /tmp/aoudia/Bureau/Projet_WOT/targets/mbed_ethernet/rflpc/rflpc17xx/librflpc17xx.a(uart.o)
                0x000000000000427c                rflpc_uart_set_rx_callback
 .text._read_from_phy_register_with_addr
                0x00000000000042dc       0x30 /tmp/aoudia/Bureau/Projet_WOT/targets/mbed_ethernet/rflpc/rflpc17xx/librflpc17xx.a(ethernet.o)
 .text.rflpc_eth_init
                0x000000000000430c      0x144 /tmp/aoudia/Bureau/Projet_WOT/targets/mbed_ethernet/rflpc/rflpc17xx/librflpc17xx.a(ethernet.o)
                0x000000000000430c                rflpc_eth_init
 .text.rflpc_eth_link_state
                0x0000000000004450       0x10 /tmp/aoudia/Bureau/Projet_WOT/targets/mbed_ethernet/rflpc/rflpc17xx/librflpc17xx.a(ethernet.o)
                0x0000000000004450                rflpc_eth_link_state
 .text.rflpc_eth_set_rx_base_addresses
                0x0000000000004460       0x4c /tmp/aoudia/Bureau/Projet_WOT/targets/mbed_ethernet/rflpc/rflpc17xx/librflpc17xx.a(ethernet.o)
                0x0000000000004460                rflpc_eth_set_rx_base_addresses
 .text.rflpc_eth_set_tx_base_addresses
                0x00000000000044ac       0x3c /tmp/aoudia/Bureau/Projet_WOT/targets/mbed_ethernet/rflpc/rflpc17xx/librflpc17xx.a(ethernet.o)
                0x00000000000044ac                rflpc_eth_set_tx_base_addresses
 .text.rflpc_eth_set_mac_address
                0x00000000000044e8       0x24 /tmp/aoudia/Bureau/Projet_WOT/targets/mbed_ethernet/rflpc/rflpc17xx/librflpc17xx.a(ethernet.o)
                0x00000000000044e8                rflpc_eth_set_mac_address
 .text.rflpc_gpio_use_pin
                0x000000000000450c       0x10 /tmp/aoudia/Bureau/Projet_WOT/targets/mbed_ethernet/rflpc/rflpc17xx/librflpc17xx.a(gpio.o)
                0x000000000000450c                rflpc_gpio_use_pin
 .text.rflpc_gpio_set_pin_mode_input
                0x000000000000451c       0x28 /tmp/aoudia/Bureau/Projet_WOT/targets/mbed_ethernet/rflpc/rflpc17xx/librflpc17xx.a(gpio.o)
                0x000000000000451c                rflpc_gpio_set_pin_mode_input
 .text.rflpc_gpio_set_pin
                0x0000000000004544       0x20 /tmp/aoudia/Bureau/Projet_WOT/targets/mbed_ethernet/rflpc/rflpc17xx/librflpc17xx.a(gpio.o)
                0x0000000000004544                rflpc_gpio_set_pin
 .text.rflpc_gpio_clr_pin
                0x0000000000004564       0x20 /tmp/aoudia/Bureau/Projet_WOT/targets/mbed_ethernet/rflpc/rflpc17xx/librflpc17xx.a(gpio.o)
                0x0000000000004564                rflpc_gpio_clr_pin
 .text.rflpc_gpio_set_pins_from_mask
                0x0000000000004584       0x1c /tmp/aoudia/Bureau/Projet_WOT/targets/mbed_ethernet/rflpc/rflpc17xx/librflpc17xx.a(gpio.o)
                0x0000000000004584                rflpc_gpio_set_pins_from_mask
 .text.rflpc_gpio_clr_pins_from_mask
                0x00000000000045a0       0x1c /tmp/aoudia/Bureau/Projet_WOT/targets/mbed_ethernet/rflpc/rflpc17xx/librflpc17xx.a(gpio.o)
                0x00000000000045a0                rflpc_gpio_clr_pins_from_mask
 .text.rflpc_gpio_set_pin_val
                0x00000000000045bc       0x10 /tmp/aoudia/Bureau/Projet_WOT/targets/mbed_ethernet/rflpc/rflpc17xx/librflpc17xx.a(gpio.o)
                0x00000000000045bc                rflpc_gpio_set_pin_val
 .text.rflpc_gpio_set_pin_mode_output
                0x00000000000045cc       0x30 /tmp/aoudia/Bureau/Projet_WOT/targets/mbed_ethernet/rflpc/rflpc17xx/librflpc17xx.a(gpio.o)
                0x00000000000045cc                rflpc_gpio_set_pin_mode_output
 .text.rflpc_gpio_set_val
                0x00000000000045fc       0x14 /tmp/aoudia/Bureau/Projet_WOT/targets/mbed_ethernet/rflpc/rflpc17xx/librflpc17xx.a(gpio.o)
                0x00000000000045fc                rflpc_gpio_set_val
 .text.rflpc_gpio_get_pin
                0x0000000000004610       0x24 /tmp/aoudia/Bureau/Projet_WOT/targets/mbed_ethernet/rflpc/rflpc17xx/librflpc17xx.a(gpio.o)
                0x0000000000004610                rflpc_gpio_get_pin
 .text.rflpc_gpio_get_val
                0x0000000000004634       0x18 /tmp/aoudia/Bureau/Projet_WOT/targets/mbed_ethernet/rflpc/rflpc17xx/librflpc17xx.a(gpio.o)
                0x0000000000004634                rflpc_gpio_get_val
 .text.rflpc_dma_get_chan
                0x000000000000464c       0x54 /tmp/aoudia/Bureau/Projet_WOT/targets/mbed_ethernet/rflpc/rflpc17xx/librflpc17xx.a(dma.o)
 .text.rflpc_dma_init
                0x00000000000046a0       0x20 /tmp/aoudia/Bureau/Projet_WOT/targets/mbed_ethernet/rflpc/rflpc17xx/librflpc17xx.a(dma.o)
                0x00000000000046a0                rflpc_dma_init
 .text.rflpc_dma_channel_ready
                0x00000000000046c0       0x18 /tmp/aoudia/Bureau/Projet_WOT/targets/mbed_ethernet/rflpc/rflpc17xx/librflpc17xx.a(dma.o)
                0x00000000000046c0                rflpc_dma_channel_ready
 .text.rflpc_dma_start
                0x00000000000046d8       0x78 /tmp/aoudia/Bureau/Projet_WOT/targets/mbed_ethernet/rflpc/rflpc17xx/librflpc17xx.a(dma.o)
                0x00000000000046d8                rflpc_dma_start
 .text.rflpc_timer_base
                0x0000000000004750       0x38 /tmp/aoudia/Bureau/Projet_WOT/targets/mbed_ethernet/rflpc/rflpc17xx/librflpc17xx.a(timer.o)
 .text.rflpc_timer_enable
                0x0000000000004788       0x38 /tmp/aoudia/Bureau/Projet_WOT/targets/mbed_ethernet/rflpc/rflpc17xx/librflpc17xx.a(timer.o)
                0x0000000000004788                rflpc_timer_enable
 .text.rflpc_timer_set_clock
                0x00000000000047c0       0x60 /tmp/aoudia/Bureau/Projet_WOT/targets/mbed_ethernet/rflpc/rflpc17xx/librflpc17xx.a(timer.o)
                0x00000000000047c0                rflpc_timer_set_clock
 .text.rflpc_timer_start
                0x0000000000004820       0x10 /tmp/aoudia/Bureau/Projet_WOT/targets/mbed_ethernet/rflpc/rflpc17xx/librflpc17xx.a(timer.o)
                0x0000000000004820                rflpc_timer_start
 .text.rflpc_timer_get_counter
                0x0000000000004830        0xc /tmp/aoudia/Bureau/Projet_WOT/targets/mbed_ethernet/rflpc/rflpc17xx/librflpc17xx.a(timer.o)
                0x0000000000004830                rflpc_timer_get_counter
 .text.rflpc_timer_set_pre_scale_register
                0x000000000000483c        0xc /tmp/aoudia/Bureau/Projet_WOT/targets/mbed_ethernet/rflpc/rflpc17xx/librflpc17xx.a(timer.o)
                0x000000000000483c                rflpc_timer_set_pre_scale_register
 .text._pin_to_channel
                0x0000000000004848       0x6c /tmp/aoudia/Bureau/Projet_WOT/targets/mbed_ethernet/rflpc/rflpc17xx/librflpc17xx.a(adc.o)
 .text.rflpc_adc_init
                0x00000000000048b4       0x6c /tmp/aoudia/Bureau/Projet_WOT/targets/mbed_ethernet/rflpc/rflpc17xx/librflpc17xx.a(adc.o)
                0x00000000000048b4                rflpc_adc_init
 .text.rflpc_adc_read
                0x0000000000004920       0x2c /tmp/aoudia/Bureau/Projet_WOT/targets/mbed_ethernet/rflpc/rflpc17xx/librflpc17xx.a(adc.o)
                0x0000000000004920                rflpc_adc_read
 .text.__get_MSP
                0x000000000000494c        0x8 /tmp/aoudia/Bureau/Projet_WOT/targets/mbed_ethernet/rflpc/rflpc17xx/librflpc17xx.a(core_cm3.o)
                0x000000000000494c                __get_MSP
 .text.__set_MSP
                0x0000000000004954        0x8 /tmp/aoudia/Bureau/Projet_WOT/targets/mbed_ethernet/rflpc/rflpc17xx/librflpc17xx.a(core_cm3.o)
                0x0000000000004954                __set_MSP
 .text._rflpc_default_putchar
                0x000000000000495c       0x10 /tmp/aoudia/Bureau/Projet_WOT/targets/mbed_ethernet/rflpc/rflpc17xx/librflpc17xx.a(printf.o)
 .text.printf   0x000000000000496c      0x2c0 /tmp/aoudia/Bureau/Projet_WOT/targets/mbed_ethernet/rflpc/rflpc17xx/librflpc17xx.a(printf.o)
                0x000000000000496c                printf
 .text.rflpc_memcpy_unaligned_fast
                0x0000000000004c2c       0x8c /tmp/aoudia/Bureau/Projet_WOT/targets/mbed_ethernet/rflpc/rflpc17xx/librflpc17xx.a(memcpy.o)
 .text.memcpy   0x0000000000004cb8       0xb8 /tmp/aoudia/Bureau/Projet_WOT/targets/mbed_ethernet/rflpc/rflpc17xx/librflpc17xx.a(memcpy.o)
                0x0000000000004cb8                memcpy
 .text.srand    0x0000000000004d70        0xc /tmp/aoudia/Bureau/Projet_WOT/targets/mbed_ethernet/rflpc/rflpc17xx/librflpc17xx.a(rand.o)
                0x0000000000004d70                srand
 .text.memset   0x0000000000004d7c      0x104 /tmp/aoudia/Bureau/Projet_WOT/targets/mbed_ethernet/rflpc/rflpc17xx/librflpc17xx.a(memset.o)
                0x0000000000004d7c                memset
 *(.rodata*)
 .rodata.tableau
                0x0000000000004e80     0x2000 bin/mbed_ethernet/drivers/NCP18WF104F03RC.o
                0x0000000000004e80                tableau
 .rodata.str1.4
                0x0000000000006e80      0x372 bin/mbed_ethernet/drivers/hardware.o
                                        0x376 (size before relaxing)
 *fill*         0x00000000000071f2        0x2 
 .rodata.DIGIT_TABLE
                0x00000000000071f4       0x12 bin/mbed_ethernet/drivers/TM1637.o
                0x00000000000071f4                DIGIT_TABLE
 *fill*         0x0000000000007206        0x2 
 .rodata.__FUNCTION__.5633
                0x0000000000007208       0x13 bin/mbed_ethernet/drivers/eth_input.o
 *fill*         0x000000000000721b        0x1 
 .rodata.str1.4
                0x000000000000721c       0x27 bin/mbed_ethernet/drivers/eth_input.o
 *fill*         0x0000000000007243        0x1 
 .rodata.serviceHttpHeaderChunked
                0x0000000000007244       0x49 bin/mbed_ethernet/core/output.o
 *fill*         0x000000000000728d        0x3 
 .rodata.serviceHttpHeaderPart2
                0x0000000000007290       0x1f bin/mbed_ethernet/core/output.o
 *fill*         0x00000000000072af        0x1 
 .rodata.serviceHttpHeader
                0x00000000000072b0       0x21 bin/mbed_ethernet/core/output.o
 *fill*         0x00000000000072d1        0x3 
 .rodata.blob_http_rqt
                0x00000000000072d4        0xf bin/mbed_ethernet/core/input.o
                0x00000000000072d4                blob_http_rqt
 *fill*         0x00000000000072e3        0x1 
 .rodata.blob_http_header_content
                0x00000000000072e4       0x31 bin/mbed_ethernet/core/input.o
                0x00000000000072e4                blob_http_header_content
 *fill*         0x0000000000007315        0x3 
 .rodata.str1.4
                0x0000000000007318        0x5 bin/mbed_ethernet/core/input.o
 *fill*         0x000000000000731d        0x3 
 .rodata.blob_http_header_end
                0x0000000000007320        0x4 bin/mbed_ethernet/core/input.o
 .rodata.mimes_tree
                0x0000000000007324       0xcc bin/mbed_ethernet/core/input.o
                0x0000000000007324                mimes_tree
 .rodata.ref_synack
                0x00000000000073f0       0x2c bin/mbed_ethernet/core/handlers.o
                0x00000000000073f0                ref_synack
 .rodata.ref_rst
                0x000000000000741c       0x2c bin/mbed_ethernet/core/handlers.o
                0x000000000000741c                ref_rst
 .rodata.ref_finack
                0x0000000000007448       0x2c bin/mbed_ethernet/core/handlers.o
                0x0000000000007448                ref_finack
 .rodata.ref_ack
                0x0000000000007474       0x2c bin/mbed_ethernet/core/handlers.o
                0x0000000000007474                ref_ack
 .rodata.args_index
                0x00000000000074a0        0x9 bin/mbed_ethernet/gen/apps/thermostat/thermostat.o
 *fill*         0x00000000000074a9        0x3 
 .rodata.apps_thermostat_thermostat
                0x00000000000074ac       0x2c bin/mbed_ethernet/gen/apps/thermostat/thermostat.o
                0x00000000000074ac                apps_thermostat_thermostat
 .rodata.args_tree
                0x00000000000074d8       0x15 bin/mbed_ethernet/gen/apps/thermostat/thermostat.o
 *fill*         0x00000000000074ed        0x3 
 .rodata.chk_apps_thermostat_js_alertify_js
                0x00000000000074f0       0xd4 bin/mbed_ethernet/gen/apps/thermostat/js/g_c5_alertify_js.o
                0x00000000000074f0                chk_apps_thermostat_js_alertify_js
 .rodata.apps_thermostat_js_alertify_js_handler
                0x00000000000075c4       0x2c bin/mbed_ethernet/gen/apps/thermostat/js/g_c5_alertify_js.o
                0x00000000000075c4                apps_thermostat_js_alertify_js_handler
 .rodata.data_apps_thermostat_js_alertify_js
                0x00000000000075f0      0xd2b bin/mbed_ethernet/gen/apps/thermostat/js/g_c5_alertify_js.o
                0x00000000000075f0                data_apps_thermostat_js_alertify_js
 *fill*         0x000000000000831b        0x1 
 .rodata.chk_apps_thermostat_css_logo_png
                0x000000000000831c      0x222 bin/mbed_ethernet/gen/apps/thermostat/css/g_c5_logo_png.o
                0x000000000000831c                chk_apps_thermostat_css_logo_png
 *fill*         0x000000000000853e        0x2 
 .rodata.apps_thermostat_css_logo_png_handler
                0x0000000000008540       0x2c bin/mbed_ethernet/gen/apps/thermostat/css/g_c5_logo_png.o
                0x0000000000008540                apps_thermostat_css_logo_png_handler
 .rodata.data_apps_thermostat_css_logo_png
                0x000000000000856c     0x2202 bin/mbed_ethernet/gen/apps/thermostat/css/g_c5_logo_png.o
                0x000000000000856c                data_apps_thermostat_css_logo_png
 *fill*         0x000000000000a76e        0x2 
 .rodata.data_apps_httpCodes_505_html
                0x000000000000a770      0x137 bin/mbed_ethernet/gen/apps/httpCodes/g_c5_505_html.o
                0x000000000000a770                data_apps_httpCodes_505_html
 *fill*         0x000000000000a8a7        0x1 
 .rodata.chk_apps_httpCodes_505_html
                0x000000000000a8a8       0x14 bin/mbed_ethernet/gen/apps/httpCodes/g_c5_505_html.o
                0x000000000000a8a8                chk_apps_httpCodes_505_html
 .rodata.apps_httpCodes_505_html_handler
                0x000000000000a8bc       0x2c bin/mbed_ethernet/gen/apps/httpCodes/g_c5_505_html.o
                0x000000000000a8bc                apps_httpCodes_505_html_handler
 .rodata.chk_apps_thermostat_js_index_js
                0x000000000000a8e8       0xa0 bin/mbed_ethernet/gen/apps/thermostat/js/g_c5_index_js.o
                0x000000000000a8e8                chk_apps_thermostat_js_index_js
 .rodata.apps_thermostat_js_index_js_handler
                0x000000000000a988       0x2c bin/mbed_ethernet/gen/apps/thermostat/js/g_c5_index_js.o
                0x000000000000a988                apps_thermostat_js_index_js_handler
 .rodata.data_apps_thermostat_js_index_js
                0x000000000000a9b4      0x9eb bin/mbed_ethernet/gen/apps/thermostat/js/g_c5_index_js.o
                0x000000000000a9b4                data_apps_thermostat_js_index_js
 *fill*         0x000000000000b39f        0x1 
 .rodata.chk_apps_thermostat_css_jqueryui_css
                0x000000000000b3a0      0x212 bin/mbed_ethernet/gen/apps/thermostat/css/g_c5_jqueryui_css.o
                0x000000000000b3a0                chk_apps_thermostat_css_jqueryui_css
 *fill*         0x000000000000b5b2        0x2 
 .rodata.apps_thermostat_css_jqueryui_css_handler
                0x000000000000b5b4       0x2c bin/mbed_ethernet/gen/apps/thermostat/css/g_c5_jqueryui_css.o
                0x000000000000b5b4                apps_thermostat_css_jqueryui_css_handler
 .rodata.data_apps_thermostat_css_jqueryui_css
                0x000000000000b5e0     0x2114 bin/mbed_ethernet/gen/apps/thermostat/css/g_c5_jqueryui_css.o
                0x000000000000b5e0                data_apps_thermostat_css_jqueryui_css
 .rodata.data_apps_thermostat_js_rangeslider_min_js
                0x000000000000d6f4      0xaee bin/mbed_ethernet/gen/apps/thermostat/js/g_c5_rangeslider_min_js.o
                0x000000000000d6f4                data_apps_thermostat_js_rangeslider_min_js
 *fill*         0x000000000000e1e2        0x2 
 .rodata.chk_apps_thermostat_js_rangeslider_min_js
                0x000000000000e1e4       0xb0 bin/mbed_ethernet/gen/apps/thermostat/js/g_c5_rangeslider_min_js.o
                0x000000000000e1e4                chk_apps_thermostat_js_rangeslider_min_js
 .rodata.apps_thermostat_js_rangeslider_min_js_handler
                0x000000000000e294       0x2c bin/mbed_ethernet/gen/apps/thermostat/js/g_c5_rangeslider_min_js.o
                0x000000000000e294                apps_thermostat_js_rangeslider_min_js_handler
 .rodata.chk_apps_thermostat_index_html
                0x000000000000e2c0       0x90 bin/mbed_ethernet/gen/apps/thermostat/g_c5_index_html.o
                0x000000000000e2c0                chk_apps_thermostat_index_html
 .rodata.data_apps_thermostat_index_html
                0x000000000000e350      0x8fc bin/mbed_ethernet/gen/apps/thermostat/g_c5_index_html.o
                0x000000000000e350                data_apps_thermostat_index_html
 .rodata.apps_thermostat_index_html_handler
                0x000000000000ec4c       0x2c bin/mbed_ethernet/gen/apps/thermostat/g_c5_index_html.o
                0x000000000000ec4c                apps_thermostat_index_html_handler
 .rodata.chk_apps_httpCodes_404_html
                0x000000000000ec78       0x12 bin/mbed_ethernet/gen/apps/httpCodes/g_c5_404_html.o
                0x000000000000ec78                chk_apps_httpCodes_404_html
 *fill*         0x000000000000ec8a        0x2 
 .rodata.data_apps_httpCodes_404_html
                0x000000000000ec8c      0x11f bin/mbed_ethernet/gen/apps/httpCodes/g_c5_404_html.o
                0x000000000000ec8c                data_apps_httpCodes_404_html
 *fill*         0x000000000000edab        0x1 
 .rodata.apps_httpCodes_404_html_handler
                0x000000000000edac       0x2c bin/mbed_ethernet/gen/apps/httpCodes/g_c5_404_html.o
                0x000000000000edac                apps_httpCodes_404_html_handler
 .rodata.apps_thermostat_css_style_css_handler
                0x000000000000edd8       0x2c bin/mbed_ethernet/gen/apps/thermostat/css/g_c5_style_css.o
                0x000000000000edd8                apps_thermostat_css_style_css_handler
 .rodata.data_apps_thermostat_css_style_css
                0x000000000000ee04      0xfbb bin/mbed_ethernet/gen/apps/thermostat/css/g_c5_style_css.o
                0x000000000000ee04                data_apps_thermostat_css_style_css
 *fill*         0x000000000000fdbf        0x1 
 .rodata.chk_apps_thermostat_css_style_css
                0x000000000000fdc0       0xfc bin/mbed_ethernet/gen/apps/thermostat/css/g_c5_style_css.o
                0x000000000000fdc0                chk_apps_thermostat_css_style_css
 .rodata.data_apps_thermostat_css_rangeslider_css
                0x000000000000febc      0x589 bin/mbed_ethernet/gen/apps/thermostat/css/g_c5_rangeslider_css.o
                0x000000000000febc                data_apps_thermostat_css_rangeslider_css
 *fill*         0x0000000000010445        0x3 
 .rodata.apps_thermostat_css_rangeslider_css_handler
                0x0000000000010448       0x2c bin/mbed_ethernet/gen/apps/thermostat/css/g_c5_rangeslider_css.o
                0x0000000000010448                apps_thermostat_css_rangeslider_css_handler
 .rodata.chk_apps_thermostat_css_rangeslider_css
                0x0000000000010474       0x5a bin/mbed_ethernet/gen/apps/thermostat/css/g_c5_rangeslider_css.o
                0x0000000000010474                chk_apps_thermostat_css_rangeslider_css
 *fill*         0x00000000000104ce        0x2 
 .rodata.data_apps_thermostat_js_jquery_knob_min_js
                0x00000000000104d0      0xe8e bin/mbed_ethernet/gen/apps/thermostat/js/g_c5_jquery_knob_min_js.o
                0x00000000000104d0                data_apps_thermostat_js_jquery_knob_min_js
 *fill*         0x000000000001135e        0x2 
 .rodata.apps_thermostat_js_jquery_knob_min_js_handler
                0x0000000000011360       0x2c bin/mbed_ethernet/gen/apps/thermostat/js/g_c5_jquery_knob_min_js.o
                0x0000000000011360                apps_thermostat_js_jquery_knob_min_js_handler
 .rodata.chk_apps_thermostat_js_jquery_knob_min_js
                0x000000000001138c       0xea bin/mbed_ethernet/gen/apps/thermostat/js/g_c5_jquery_knob_min_js.o
                0x000000000001138c                chk_apps_thermostat_js_jquery_knob_min_js
 *fill*         0x0000000000011476        0x2 
 .rodata.resources_index
                0x0000000000011478       0x38 bin/mbed_ethernet/gen/resources_index.o
                0x0000000000011478                resources_index
 .rodata.urls_tree
                0x00000000000114b0       0xc5 bin/mbed_ethernet/gen/resources_index.o
                0x00000000000114b0                urls_tree
 *fill*         0x0000000000011575        0x3 
 .rodata.str1.4
                0x0000000000011578      0x4dc /tmp/aoudia/Bureau/Projet_WOT/targets/mbed_ethernet/rflpc/rflpc17xx/librflpc17xx.a(interrupt.o)
                                        0x4db (size before relaxing)
 .rodata.clock_dividers
                0x0000000000011a54        0x9 /tmp/aoudia/Bureau/Projet_WOT/targets/mbed_ethernet/rflpc/rflpc17xx/librflpc17xx.a(ethernet.o)
 *fill*         0x0000000000011a5d        0x3 
 .rodata._gpio_ports
                0x0000000000011a60       0x14 /tmp/aoudia/Bureau/Projet_WOT/targets/mbed_ethernet/rflpc/rflpc17xx/librflpc17xx.a(gpio.o)
                0x0000000000011a74                _text_end = .

.glue_7         0x0000000000011a74        0x0
 .glue_7        0x0000000000011a74        0x0 linker stubs

.glue_7t        0x0000000000011a74        0x0
 .glue_7t       0x0000000000011a74        0x0 linker stubs

.vfp11_veneer   0x0000000000011a74        0x0
 .vfp11_veneer  0x0000000000011a74        0x0 linker stubs

.v4_bx          0x0000000000011a74        0x0
 .v4_bx         0x0000000000011a74        0x0 linker stubs

.iplt           0x0000000000011a74        0x0
 .iplt          0x0000000000011a74        0x0 bin/mbed_ethernet/drivers/NCP18WF104F03RC.o

.rel.dyn        0x0000000000011a74        0x0
 .rel.iplt      0x0000000000011a74        0x0 bin/mbed_ethernet/drivers/NCP18WF104F03RC.o

.relocated_interrupt_vector
                0x0000000010000000       0xc4
 *(.ram_int_vector)
 .ram_int_vector
                0x0000000010000000       0xc4 /tmp/aoudia/Bureau/Projet_WOT/targets/mbed_ethernet/rflpc/rflpc17xx/librflpc17xx.a(interrupt.o)

.bss            0x00000000100000c4     0x1b30
                0x00000000100000c4                _bss_start = .
                0x00000000100000c4                _ram_start = .
 *(.bss*)
 .bss._clk_pin  0x00000000100000c4        0x1 bin/mbed_ethernet/drivers/P9813.o
 *fill*         0x00000000100000c5        0x3 
 .bss.rgb       0x00000000100000c8        0x3 bin/mbed_ethernet/drivers/P9813.o
 .bss._data_pin
                0x00000000100000cb        0x1 bin/mbed_ethernet/drivers/P9813.o
 .bss.current_rx_frame
                0x00000000100000cc        0x4 bin/mbed_ethernet/drivers/eth_input.o
                0x00000000100000cc                current_rx_frame
 .bss.current_rx_frame_idx
                0x00000000100000d0        0x4 bin/mbed_ethernet/drivers/eth_input.o
                0x00000000100000d0                current_rx_frame_idx
 .bss.current_rx_frame_size
                0x00000000100000d4        0x4 bin/mbed_ethernet/drivers/eth_input.o
                0x00000000100000d4                current_rx_frame_size
 .bss.byte_count
                0x00000000100000d8        0x4 bin/mbed_ethernet/drivers/eth_input.o
 .bss._pin      0x00000000100000dc        0x1 bin/mbed_ethernet/drivers/button.o
 .bss._pin      0x00000000100000dd        0x1 bin/mbed_ethernet/drivers/S9013.o
 *fill*         0x00000000100000de        0x2 
 .bss.gpip_output_buffer
                0x00000000100000e0      0x5dc bin/mbed_ethernet/core/output.o
 .bss.current_cr
                0x00000000100006bc        0x4 bin/mbed_ethernet/core/coroutines.o
 .bss.shared_stack
                0x00000000100006c0      0x400 bin/mbed_ethernet/core/coroutines.o
 .bss.cr_in_stack
                0x0000000010000ac0        0x4 bin/mbed_ethernet/core/coroutines.o
 .bss.alloc_buffer
                0x0000000010000ac4     0x1004 bin/mbed_ethernet/core/memory.o
 .bss.first_free
                0x0000000010001ac8        0x4 bin/mbed_ethernet/core/memory.o
 .bss.checksum_carry
                0x0000000010001acc        0x1 bin/mbed_ethernet/core/checksum.o
 .bss.checksum_flip
                0x0000000010001acd        0x1 bin/mbed_ethernet/core/checksum.o
 *fill*         0x0000000010001ace        0x2 
 .bss.all_timers
                0x0000000010001ad0        0x4 bin/mbed_ethernet/core/timers.o
 .bss._link_layer_table
                0x0000000010001ad4       0xa0 bin/mbed_ethernet/core/link_layer_cache.o
 .bss.chiffre1  0x0000000010001b74        0x2 bin/mbed_ethernet/gen/apps/thermostat/thermostat.o
                0x0000000010001b74                chiffre1
 .bss.chiffre2  0x0000000010001b76        0x2 bin/mbed_ethernet/gen/apps/thermostat/thermostat.o
                0x0000000010001b76                chiffre2
 .bss.current_temp
                0x0000000010001b78        0x2 bin/mbed_ethernet/gen/apps/thermostat/thermostat.o
                0x0000000010001b78                current_temp
 .bss.levelFromClient
                0x0000000010001b7a        0x2 bin/mbed_ethernet/gen/apps/thermostat/thermostat.o
 .bss.globalCurrentTemperature
                0x0000000010001b7c        0x2 bin/mbed_ethernet/gen/apps/thermostat/thermostat.o
 .bss.levelRed  0x0000000010001b7e        0x2 bin/mbed_ethernet/gen/apps/thermostat/thermostat.o
                0x0000000010001b7e                levelRed
 .bss.levelBlue
                0x0000000010001b80        0x2 bin/mbed_ethernet/gen/apps/thermostat/thermostat.o
                0x0000000010001b80                levelBlue
 *fill*         0x0000000010001b82        0x2 
 .bss.i.4843    0x0000000010001b84        0x4 /tmp/aoudia/Bureau/Projet_WOT/targets/mbed_ethernet/rflpc/rflpc17xx/librflpc17xx.a(init.o)
 .bss._seed     0x0000000010001b88        0x4 /tmp/aoudia/Bureau/Projet_WOT/targets/mbed_ethernet/rflpc/rflpc17xx/librflpc17xx.a(rand.o)
 COMMON         0x0000000010001b8c        0x7 bin/mbed_ethernet/drivers/hardware.o
                0x0000000010001b8c                local_eth_addr
                0x0000000010001b92                coroutine_type
 *fill*         0x0000000010001b93        0x1 
 COMMON         0x0000000010001b94       0x10 bin/mbed_ethernet/drivers/TM1637.o
                0x0000000010001b94                _colon
                0x0000000010001b98                _brightness
                0x0000000010001b9c                _off
                0x0000000010001ba0                _content
 COMMON         0x0000000010001ba4       0x18 bin/mbed_ethernet/drivers/eth_output.o
                0x0000000010001ba4                ethernet_header
                0x0000000010001bb4                current_buffer
 COMMON         0x0000000010001bbc       0x14 bin/mbed_ethernet/core/output.o
                0x0000000010001bbc                curr_output
 COMMON         0x0000000010001bd0        0x4 bin/mbed_ethernet/core/coroutines.o
                0x0000000010001bd0                main_sp
 COMMON         0x0000000010001bd4        0x8 bin/mbed_ethernet/core/input.o
                0x0000000010001bd4                curr_input
 COMMON         0x0000000010001bdc        0x2 bin/mbed_ethernet/core/checksum.o
                0x0000000010001bdc                current_checksum
 COMMON         0x0000000010001bde        0x1 bin/mbed_ethernet/core/timers.o
                0x0000000010001bde                last_transmission_time
 *fill*         0x0000000010001bdf        0x1 
 COMMON         0x0000000010001be0       0x14 bin/mbed_ethernet/core/connections.o
                0x0000000010001be0                rst_connection
                0x0000000010001bf0                all_connections
                0x0000000010001bf4                _bss_end = .

.data           0x0000000010001bf4       0x4c load address 0x0000000000011a74
                0x0000000010001bf4                _data_start = .
 *(.data*)
 .data.CONNECTORS
                0x0000000010001bf4       0x16 bin/mbed_ethernet/drivers/connectors.o
                0x0000000010001bf4                CONNECTORS
 *fill*         0x0000000010001c0a        0x2 
 .data.first.5944
                0x0000000010001c0c        0x4 bin/mbed_ethernet/drivers/eth_output.o
 .data.coroutine_state
                0x0000000010001c10        0x1 bin/mbed_ethernet/core/connections.o
                0x0000000010001c10                coroutine_state
 *fill*         0x0000000010001c11        0x3 
 .data.local_ip_addr
                0x0000000010001c14        0x4 bin/mbed_ethernet/core/connections.o
                0x0000000010001c14                local_ip_addr
 .data._rflpc_system_clock
                0x0000000010001c18        0x4 /tmp/aoudia/Bureau/Projet_WOT/targets/mbed_ethernet/rflpc/rflpc17xx/librflpc17xx.a(clock.o)
 .data._rflpc_uart_config
                0x0000000010001c1c       0x20 /tmp/aoudia/Bureau/Projet_WOT/targets/mbed_ethernet/rflpc/rflpc17xx/librflpc17xx.a(uart.o)
 .data._rflpc_putchar
                0x0000000010001c3c        0x4 /tmp/aoudia/Bureau/Projet_WOT/targets/mbed_ethernet/rflpc/rflpc17xx/librflpc17xx.a(printf.o)
                0x0000000010001c40                _data_end = .

.igot.plt       0x0000000010001c40        0x0 load address 0x0000000000011ac0
 .igot.plt      0x0000000010001c40        0x0 bin/mbed_ethernet/drivers/NCP18WF104F03RC.o

.stack          0x0000000010001c40      0x400 load address 0x0000000000011ac0
 *(.stack)
 .stack         0x0000000010001c40      0x400 /tmp/aoudia/Bureau/Projet_WOT/targets/mbed_ethernet/rflpc/rflpc17xx/librflpc17xx.a(init.o)
                0x0000000010001c40                _stack

.out_ram        0x000000002007c000     0x7a20
 *(.out_ram)
 .out_ram       0x000000002007c000     0x3da4 bin/mbed_ethernet/drivers/hardware.o
                0x000000002007c000                _tx_status
                0x000000002007c050                _tx_descriptors
                0x000000002007c0f0                _rx_buffers
                0x000000002007fd04                _rx_descriptors
                0x000000002007fd54                _rx_status
 .out_ram       0x000000002007fda4       0x2a bin/mbed_ethernet/drivers/arp.o
                0x000000002007fda4                _arp_reply_buffer
 *fill*         0x000000002007fdce        0x2 
 .out_ram       0x000000002007fdd0     0x3c50 bin/mbed_ethernet/drivers/out_buffers.o
                0x000000002007fdd0                _tx_buffers
LOAD bin/mbed_ethernet/drivers/NCP18WF104F03RC.o
LOAD bin/mbed_ethernet/drivers/lcd.o
LOAD bin/mbed_ethernet/drivers/mbed_debug.o
LOAD bin/mbed_ethernet/drivers/hardware.o
LOAD bin/mbed_ethernet/drivers/TM1637.o
LOAD bin/mbed_ethernet/drivers/connectors.o
LOAD bin/mbed_ethernet/drivers/arp.o
LOAD bin/mbed_ethernet/drivers/P9813.o
LOAD bin/mbed_ethernet/drivers/rotaryangle.o
LOAD bin/mbed_ethernet/drivers/out_buffers.o
LOAD bin/mbed_ethernet/drivers/eth_input.o
LOAD bin/mbed_ethernet/drivers/eth_output.o
LOAD bin/mbed_ethernet/drivers/debug_console.o
LOAD bin/mbed_ethernet/drivers/button.o
LOAD bin/mbed_ethernet/drivers/ip.o
LOAD bin/mbed_ethernet/drivers/S9013.o
LOAD bin/mbed_ethernet/drivers/ethernet.o
LOAD bin/mbed_ethernet/core/output.o
LOAD bin/mbed_ethernet/core/main.o
LOAD bin/mbed_ethernet/core/generators.o
LOAD bin/mbed_ethernet/core/coroutines.o
LOAD bin/mbed_ethernet/core/input.o
LOAD bin/mbed_ethernet/core/memory.o
LOAD bin/mbed_ethernet/core/handlers.o
LOAD bin/mbed_ethernet/core/service.o
LOAD bin/mbed_ethernet/core/checksum.o
LOAD bin/mbed_ethernet/core/timers.o
LOAD bin/mbed_ethernet/core/smews.o
LOAD bin/mbed_ethernet/core/connections.o
LOAD bin/mbed_ethernet/core/link_layer_cache.o
LOAD bin/mbed_ethernet/gen/apps/thermostat/thermostat.o
LOAD bin/mbed_ethernet/gen/apps/thermostat/js/g_c5_alertify_js.o
LOAD bin/mbed_ethernet/gen/apps/thermostat/css/g_c5_logo_png.o
LOAD bin/mbed_ethernet/gen/apps/httpCodes/g_c5_505_html.o
LOAD bin/mbed_ethernet/gen/apps/thermostat/js/g_c5_index_js.o
LOAD bin/mbed_ethernet/gen/apps/thermostat/css/g_c5_jqueryui_css.o
LOAD bin/mbed_ethernet/gen/apps/thermostat/js/g_c5_rangeslider_min_js.o
LOAD bin/mbed_ethernet/gen/apps/thermostat/g_c5_index_html.o
LOAD bin/mbed_ethernet/gen/apps/httpCodes/g_c5_404_html.o
LOAD bin/mbed_ethernet/gen/apps/thermostat/css/g_c5_style_css.o
LOAD bin/mbed_ethernet/gen/apps/thermostat/css/g_c5_rangeslider_css.o
LOAD bin/mbed_ethernet/gen/apps/thermostat/js/g_c5_jquery_knob_min_js.o
LOAD bin/mbed_ethernet/gen/resources_index.o
LOAD /tmp/aoudia/Bureau/Projet_WOT/targets/mbed_ethernet/rflpc/rflpc17xx/librflpc17xx.a
OUTPUT(bin/mbed_ethernet/smews.elf elf32-littlearm)

.comment        0x0000000000000000       0x38
 .comment       0x0000000000000000       0x38 bin/mbed_ethernet/drivers/NCP18WF104F03RC.o
                                         0x39 (size before relaxing)
 .comment       0x0000000000000038       0x39 bin/mbed_ethernet/drivers/hardware.o
 .comment       0x0000000000000038       0x39 bin/mbed_ethernet/drivers/TM1637.o
 .comment       0x0000000000000038       0x39 bin/mbed_ethernet/drivers/connectors.o
 .comment       0x0000000000000038       0x39 bin/mbed_ethernet/drivers/arp.o
 .comment       0x0000000000000038       0x39 bin/mbed_ethernet/drivers/P9813.o
 .comment       0x0000000000000038       0x39 bin/mbed_ethernet/drivers/out_buffers.o
 .comment       0x0000000000000038       0x39 bin/mbed_ethernet/drivers/eth_input.o
 .comment       0x0000000000000038       0x39 bin/mbed_ethernet/drivers/eth_output.o
 .comment       0x0000000000000038       0x39 bin/mbed_ethernet/drivers/button.o
 .comment       0x0000000000000038       0x39 bin/mbed_ethernet/drivers/ip.o
 .comment       0x0000000000000038       0x39 bin/mbed_ethernet/drivers/S9013.o
 .comment       0x0000000000000038       0x39 bin/mbed_ethernet/drivers/ethernet.o
 .comment       0x0000000000000038       0x39 bin/mbed_ethernet/core/output.o
 .comment       0x0000000000000038       0x39 bin/mbed_ethernet/core/main.o
 .comment       0x0000000000000038       0x39 bin/mbed_ethernet/core/generators.o
 .comment       0x0000000000000038       0x39 bin/mbed_ethernet/core/coroutines.o
 .comment       0x0000000000000038       0x39 bin/mbed_ethernet/core/input.o
 .comment       0x0000000000000038       0x39 bin/mbed_ethernet/core/memory.o
 .comment       0x0000000000000038       0x39 bin/mbed_ethernet/core/handlers.o
 .comment       0x0000000000000038       0x39 bin/mbed_ethernet/core/service.o
 .comment       0x0000000000000038       0x39 bin/mbed_ethernet/core/checksum.o
 .comment       0x0000000000000038       0x39 bin/mbed_ethernet/core/timers.o
 .comment       0x0000000000000038       0x39 bin/mbed_ethernet/core/smews.o
 .comment       0x0000000000000038       0x39 bin/mbed_ethernet/core/connections.o
 .comment       0x0000000000000038       0x39 bin/mbed_ethernet/core/link_layer_cache.o
 .comment       0x0000000000000038       0x39 bin/mbed_ethernet/gen/apps/thermostat/thermostat.o
 .comment       0x0000000000000038       0x39 bin/mbed_ethernet/gen/apps/thermostat/js/g_c5_alertify_js.o
 .comment       0x0000000000000038       0x39 bin/mbed_ethernet/gen/apps/thermostat/css/g_c5_logo_png.o
 .comment       0x0000000000000038       0x39 bin/mbed_ethernet/gen/apps/httpCodes/g_c5_505_html.o
 .comment       0x0000000000000038       0x39 bin/mbed_ethernet/gen/apps/thermostat/js/g_c5_index_js.o
 .comment       0x0000000000000038       0x39 bin/mbed_ethernet/gen/apps/thermostat/css/g_c5_jqueryui_css.o
 .comment       0x0000000000000038       0x39 bin/mbed_ethernet/gen/apps/thermostat/js/g_c5_rangeslider_min_js.o
 .comment       0x0000000000000038       0x39 bin/mbed_ethernet/gen/apps/thermostat/g_c5_index_html.o
 .comment       0x0000000000000038       0x39 bin/mbed_ethernet/gen/apps/httpCodes/g_c5_404_html.o
 .comment       0x0000000000000038       0x39 bin/mbed_ethernet/gen/apps/thermostat/css/g_c5_style_css.o
 .comment       0x0000000000000038       0x39 bin/mbed_ethernet/gen/apps/thermostat/css/g_c5_rangeslider_css.o
 .comment       0x0000000000000038       0x39 bin/mbed_ethernet/gen/apps/thermostat/js/g_c5_jquery_knob_min_js.o
 .comment       0x0000000000000038       0x39 bin/mbed_ethernet/gen/resources_index.o
 .comment       0x0000000000000038       0x39 /tmp/aoudia/Bureau/Projet_WOT/targets/mbed_ethernet/rflpc/rflpc17xx/librflpc17xx.a(init.o)
 .comment       0x0000000000000038       0x39 /tmp/aoudia/Bureau/Projet_WOT/targets/mbed_ethernet/rflpc/rflpc17xx/librflpc17xx.a(clock.o)
 .comment       0x0000000000000038       0x39 /tmp/aoudia/Bureau/Projet_WOT/targets/mbed_ethernet/rflpc/rflpc17xx/librflpc17xx.a(interrupt.o)
 .comment       0x0000000000000038       0x39 /tmp/aoudia/Bureau/Projet_WOT/targets/mbed_ethernet/rflpc/rflpc17xx/librflpc17xx.a(pinconf.o)
 .comment       0x0000000000000038       0x39 /tmp/aoudia/Bureau/Projet_WOT/targets/mbed_ethernet/rflpc/rflpc17xx/librflpc17xx.a(iap.o)
 .comment       0x0000000000000038       0x39 /tmp/aoudia/Bureau/Projet_WOT/targets/mbed_ethernet/rflpc/rflpc17xx/librflpc17xx.a(sys_tick_timer.o)
 .comment       0x0000000000000038       0x39 /tmp/aoudia/Bureau/Projet_WOT/targets/mbed_ethernet/rflpc/rflpc17xx/librflpc17xx.a(uart.o)
 .comment       0x0000000000000038       0x39 /tmp/aoudia/Bureau/Projet_WOT/targets/mbed_ethernet/rflpc/rflpc17xx/librflpc17xx.a(ethernet.o)
 .comment       0x0000000000000038       0x39 /tmp/aoudia/Bureau/Projet_WOT/targets/mbed_ethernet/rflpc/rflpc17xx/librflpc17xx.a(gpio.o)
 .comment       0x0000000000000038       0x39 /tmp/aoudia/Bureau/Projet_WOT/targets/mbed_ethernet/rflpc/rflpc17xx/librflpc17xx.a(dma.o)
 .comment       0x0000000000000038       0x39 /tmp/aoudia/Bureau/Projet_WOT/targets/mbed_ethernet/rflpc/rflpc17xx/librflpc17xx.a(timer.o)
 .comment       0x0000000000000038       0x39 /tmp/aoudia/Bureau/Projet_WOT/targets/mbed_ethernet/rflpc/rflpc17xx/librflpc17xx.a(adc.o)
 .comment       0x0000000000000038       0x39 /tmp/aoudia/Bureau/Projet_WOT/targets/mbed_ethernet/rflpc/rflpc17xx/librflpc17xx.a(core_cm3.o)
 .comment       0x0000000000000038       0x39 /tmp/aoudia/Bureau/Projet_WOT/targets/mbed_ethernet/rflpc/rflpc17xx/librflpc17xx.a(printf.o)
 .comment       0x0000000000000038       0x39 /tmp/aoudia/Bureau/Projet_WOT/targets/mbed_ethernet/rflpc/rflpc17xx/librflpc17xx.a(memcpy.o)
 .comment       0x0000000000000038       0x39 /tmp/aoudia/Bureau/Projet_WOT/targets/mbed_ethernet/rflpc/rflpc17xx/librflpc17xx.a(rand.o)
 .comment       0x0000000000000038       0x39 /tmp/aoudia/Bureau/Projet_WOT/targets/mbed_ethernet/rflpc/rflpc17xx/librflpc17xx.a(memset.o)

.ARM.attributes
                0x0000000000000000       0x33
 .ARM.attributes
                0x0000000000000000       0x33 bin/mbed_ethernet/drivers/NCP18WF104F03RC.o
 .ARM.attributes
                0x0000000000000033       0x33 bin/mbed_ethernet/drivers/hardware.o
 .ARM.attributes
                0x0000000000000066       0x33 bin/mbed_ethernet/drivers/TM1637.o
 .ARM.attributes
                0x0000000000000099       0x33 bin/mbed_ethernet/drivers/connectors.o
 .ARM.attributes
                0x00000000000000cc       0x33 bin/mbed_ethernet/drivers/arp.o
 .ARM.attributes
                0x00000000000000ff       0x33 bin/mbed_ethernet/drivers/P9813.o
 .ARM.attributes
                0x0000000000000132       0x33 bin/mbed_ethernet/drivers/out_buffers.o
 .ARM.attributes
                0x0000000000000165       0x33 bin/mbed_ethernet/drivers/eth_input.o
 .ARM.attributes
                0x0000000000000198       0x33 bin/mbed_ethernet/drivers/eth_output.o
 .ARM.attributes
                0x00000000000001cb       0x33 bin/mbed_ethernet/drivers/button.o
 .ARM.attributes
                0x00000000000001fe       0x33 bin/mbed_ethernet/drivers/ip.o
 .ARM.attributes
                0x0000000000000231       0x33 bin/mbed_ethernet/drivers/S9013.o
 .ARM.attributes
                0x0000000000000264       0x33 bin/mbed_ethernet/drivers/ethernet.o
 .ARM.attributes
                0x0000000000000297       0x33 bin/mbed_ethernet/core/output.o
 .ARM.attributes
                0x00000000000002ca       0x33 bin/mbed_ethernet/core/main.o
 .ARM.attributes
                0x00000000000002fd       0x33 bin/mbed_ethernet/core/generators.o
 .ARM.attributes
                0x0000000000000330       0x33 bin/mbed_ethernet/core/coroutines.o
 .ARM.attributes
                0x0000000000000363       0x33 bin/mbed_ethernet/core/input.o
 .ARM.attributes
                0x0000000000000396       0x33 bin/mbed_ethernet/core/memory.o
 .ARM.attributes
                0x00000000000003c9       0x33 bin/mbed_ethernet/core/handlers.o
 .ARM.attributes
                0x00000000000003fc       0x33 bin/mbed_ethernet/core/service.o
 .ARM.attributes
                0x000000000000042f       0x33 bin/mbed_ethernet/core/checksum.o
 .ARM.attributes
                0x0000000000000462       0x33 bin/mbed_ethernet/core/timers.o
 .ARM.attributes
                0x0000000000000495       0x33 bin/mbed_ethernet/core/smews.o
 .ARM.attributes
                0x00000000000004c8       0x33 bin/mbed_ethernet/core/connections.o
 .ARM.attributes
                0x00000000000004fb       0x33 bin/mbed_ethernet/core/link_layer_cache.o
 .ARM.attributes
                0x000000000000052e       0x33 bin/mbed_ethernet/gen/apps/thermostat/thermostat.o
 .ARM.attributes
                0x0000000000000561       0x33 bin/mbed_ethernet/gen/apps/thermostat/js/g_c5_alertify_js.o
 .ARM.attributes
                0x0000000000000594       0x33 bin/mbed_ethernet/gen/apps/thermostat/css/g_c5_logo_png.o
 .ARM.attributes
                0x00000000000005c7       0x33 bin/mbed_ethernet/gen/apps/httpCodes/g_c5_505_html.o
 .ARM.attributes
                0x00000000000005fa       0x33 bin/mbed_ethernet/gen/apps/thermostat/js/g_c5_index_js.o
 .ARM.attributes
                0x000000000000062d       0x33 bin/mbed_ethernet/gen/apps/thermostat/css/g_c5_jqueryui_css.o
 .ARM.attributes
                0x0000000000000660       0x33 bin/mbed_ethernet/gen/apps/thermostat/js/g_c5_rangeslider_min_js.o
 .ARM.attributes
                0x0000000000000693       0x33 bin/mbed_ethernet/gen/apps/thermostat/g_c5_index_html.o
 .ARM.attributes
                0x00000000000006c6       0x33 bin/mbed_ethernet/gen/apps/httpCodes/g_c5_404_html.o
 .ARM.attributes
                0x00000000000006f9       0x33 bin/mbed_ethernet/gen/apps/thermostat/css/g_c5_style_css.o
 .ARM.attributes
                0x000000000000072c       0x33 bin/mbed_ethernet/gen/apps/thermostat/css/g_c5_rangeslider_css.o
 .ARM.attributes
                0x000000000000075f       0x33 bin/mbed_ethernet/gen/apps/thermostat/js/g_c5_jquery_knob_min_js.o
 .ARM.attributes
                0x0000000000000792       0x33 bin/mbed_ethernet/gen/resources_index.o
 .ARM.attributes
                0x00000000000007c5       0x33 /tmp/aoudia/Bureau/Projet_WOT/targets/mbed_ethernet/rflpc/rflpc17xx/librflpc17xx.a(init.o)
 .ARM.attributes
                0x00000000000007f8       0x33 /tmp/aoudia/Bureau/Projet_WOT/targets/mbed_ethernet/rflpc/rflpc17xx/librflpc17xx.a(clock.o)
 .ARM.attributes
                0x000000000000082b       0x33 /tmp/aoudia/Bureau/Projet_WOT/targets/mbed_ethernet/rflpc/rflpc17xx/librflpc17xx.a(interrupt.o)
 .ARM.attributes
                0x000000000000085e       0x33 /tmp/aoudia/Bureau/Projet_WOT/targets/mbed_ethernet/rflpc/rflpc17xx/librflpc17xx.a(pinconf.o)
 .ARM.attributes
                0x0000000000000891       0x33 /tmp/aoudia/Bureau/Projet_WOT/targets/mbed_ethernet/rflpc/rflpc17xx/librflpc17xx.a(iap.o)
 .ARM.attributes
                0x00000000000008c4       0x33 /tmp/aoudia/Bureau/Projet_WOT/targets/mbed_ethernet/rflpc/rflpc17xx/librflpc17xx.a(sys_tick_timer.o)
 .ARM.attributes
                0x00000000000008f7       0x33 /tmp/aoudia/Bureau/Projet_WOT/targets/mbed_ethernet/rflpc/rflpc17xx/librflpc17xx.a(uart.o)
 .ARM.attributes
                0x000000000000092a       0x33 /tmp/aoudia/Bureau/Projet_WOT/targets/mbed_ethernet/rflpc/rflpc17xx/librflpc17xx.a(ethernet.o)
 .ARM.attributes
                0x000000000000095d       0x33 /tmp/aoudia/Bureau/Projet_WOT/targets/mbed_ethernet/rflpc/rflpc17xx/librflpc17xx.a(gpio.o)
 .ARM.attributes
                0x0000000000000990       0x33 /tmp/aoudia/Bureau/Projet_WOT/targets/mbed_ethernet/rflpc/rflpc17xx/librflpc17xx.a(dma.o)
 .ARM.attributes
                0x00000000000009c3       0x33 /tmp/aoudia/Bureau/Projet_WOT/targets/mbed_ethernet/rflpc/rflpc17xx/librflpc17xx.a(timer.o)
 .ARM.attributes
                0x00000000000009f6       0x33 /tmp/aoudia/Bureau/Projet_WOT/targets/mbed_ethernet/rflpc/rflpc17xx/librflpc17xx.a(adc.o)
 .ARM.attributes
                0x0000000000000a29       0x33 /tmp/aoudia/Bureau/Projet_WOT/targets/mbed_ethernet/rflpc/rflpc17xx/librflpc17xx.a(core_cm3.o)
 .ARM.attributes
                0x0000000000000a5c       0x33 /tmp/aoudia/Bureau/Projet_WOT/targets/mbed_ethernet/rflpc/rflpc17xx/librflpc17xx.a(printf.o)
 .ARM.attributes
                0x0000000000000a8f       0x33 /tmp/aoudia/Bureau/Projet_WOT/targets/mbed_ethernet/rflpc/rflpc17xx/librflpc17xx.a(memcpy.o)
 .ARM.attributes
                0x0000000000000ac2       0x33 /tmp/aoudia/Bureau/Projet_WOT/targets/mbed_ethernet/rflpc/rflpc17xx/librflpc17xx.a(rand.o)
 .ARM.attributes
                0x0000000000000af5       0x33 /tmp/aoudia/Bureau/Projet_WOT/targets/mbed_ethernet/rflpc/rflpc17xx/librflpc17xx.a(memset.o)
